// Jest Snapshot v1, https://goo.gl/fbAQLP

exports[`<AboutMetaStructuredData /> should render structured data 1`] = `
<HelmetWrapper
  defer={true}
  encodeSpecialCharacters={true}
>
  <script
    type="application/ld+json"
  >
    {
  "@context": "https://schema.org",
  "@type": "Person",
  "name": "Dmitri Pavlutin",
  "image": {
    "@type": "ImageObject",
    "url": "https://dmitripavlutin.com/profile.png",
    "width": 256,
    "height": 256
  },
  "url": "https://dmitripavlutin.com",
  "sameAs": [
    "https://stackoverflow.com/users/1894471/dmitri-pavlutin",
    "https://twitter.com/panzerdp",
    "https://www.linkedin.com/in/dmitri-pavlutin/",
    "https://github.com/panzerdp",
    "https://www.facebook.com/dmitri.pavlutin"
  ],
  "description": "Dmitri Pavlutin is a software developer specialized in Frontend technologies",
  "jobTitle": "Software developer",
  "email": "mail@mail.com"
}
  </script>
</HelmetWrapper>
`;
