// Jest Snapshot v1, https://goo.gl/fbAQLP

exports[`<ExcerptsListStructuredData /> should render structured data 1`] = `
<HelmetWrapper
  defer={true}
  encodeSpecialCharacters={true}
>
  <script
    type="application/ld+json"
  >
    {
  "@context": "https://schema.org",
  "@type": "Website",
  "publisher": {
    "@type": "Organization",
    "name": "Dmitri Pavlutin blog",
    "logo": {
      "@type": "ImageObject",
      "url": "https://dmitripavlutin.com/image.png"
    }
  },
  "url": "https://dmitripavlutin.com",
  "image": {
    "@type": "ImageObject",
    "url": "https://dmitripavlutin.com/image.png",
    "width": 256,
    "height": 256
  },
  "description": "Posts by Dmitri Pavlutin about software development",
  "mainEntityOfPage": {
    "@type": "WebPage",
    "@id": "https://dmitripavlutin.com"
  }
}
  </script>
</HelmetWrapper>
`;
