// Jest Snapshot v1, https://goo.gl/fbAQLP

exports[`<ExcerptsFetch /> should render excerpts template 1`] = `
<ExcerptsListTemplate
  authorProfilePictureSrc="http://images.com/image"
  currentPage={2}
  pagesSum={10}
  posts={
    Array [
      Object {
        "description": "Useful techniques to facilitate React server-side rendering.",
        "published": "2018-03-17",
        "slug": "useful-techniques-react-server-side-rendering",
        "tags": Array [
          "react",
          "server side rendering",
        ],
        "thumbnail": Object {
          "aspectRatio": 2,
          "base64": "base64",
          "sizes": "some sizes",
          "src": "source",
          "srcSet": "src-set",
          "srcSetWebp": "src-set-webp",
          "srcWebp": "src-webp",
        },
        "title": "Useful techniques to facilitate React server-side rendering",
      },
    ]
  }
  siteInfo={
    Object {
      "description": "Posts by Dmitri Pavlutin about software development",
      "repositoryUrl": "https://github.com/panzerdp/dmitripavlutin.com",
      "title": "Dmitri Pavlutin blog",
      "url": "https://dmitripavlutin.com",
    }
  }
/>
`;
