// Jest Snapshot v1, https://goo.gl/fbAQLP

exports[`<PlainListAllFetch /> should render plain list excerpts template 1`] = `
<PlainListAllTemplate
  posts={
    Array [
      Object {
        "description": "Useful techniques to facilitate React server-side rendering.",
        "published": "2018-03-17",
        "slug": "useful-techniques-react-server-side-rendering",
        "tags": Array [
          "react",
          "server side rendering",
        ],
        "thumbnail": Object {
          "aspectRatio": 2,
          "base64": "base64",
          "sizes": "some sizes",
          "src": "source",
          "srcSet": "src-set",
          "srcSetWebp": "src-set-webp",
          "srcWebp": "src-webp",
        },
        "title": "Useful techniques to facilitate React server-side rendering",
      },
    ]
  }
/>
`;
