// Jest Snapshot v1, https://goo.gl/fbAQLP

exports[`<PlainListAllFetch /> should render plain list excerpts template 1`] = `
<PlainListAllTemplate
  posts={
    Array [
      Object {
        "commentsThreadId": "thread-id",
        "description": "Useful techniques to facilitate React server-side rendering.",
        "modified": "2019-01-01",
        "published": "2018-03-17",
        "slug": "useful-techniques-react-server-side-rendering",
        "tags": Array [
          "react",
          "server side rendering",
        ],
        "title": "Useful techniques to facilitate React server-side rendering",
      },
    ]
  }
/>
`;
